// Jest Snapshot v1, https://goo.gl/fbAQLP

exports[`Landing Page exists 1`] = `
ShallowWrapper {
  Symbol(enzyme.__root__): [Circular],
  Symbol(enzyme.__unrendered__): <LandingPage />,
  Symbol(enzyme.__renderer__): Object {
    "batchedUpdates": [Function],
    "checkPropTypes": [Function],
    "getNode": [Function],
    "render": [Function],
    "simulateError": [Function],
    "simulateEvent": [Function],
    "unmount": [Function],
  },
  Symbol(enzyme.__node__): Object {
    "instance": null,
    "key": undefined,
    "nodeType": "host",
    "props": Object {
      "children": Array [
        <div
          className="bx--row banner"
        >
          <Breadcrumb
            noTrailingSlash={true}
          >
            <BreadcrumbItem>
              <a
                href="/"
              >
                Getting started
              </a>
            </BreadcrumbItem>
          </Breadcrumb>
          <h1>
            Design & build with Carbon
          </h1>
        </div>,
        <div
          className="bx--row intro"
        >
          <Tabs
            ariaLabel="listbox"
            className="some-class"
            iconDescription="show menu options"
            role="navigation"
            selected={0}
            triggerHref="#"
          >
            <Tab
              href="#"
              label="Tab label 1"
              onClick={[Function]}
              onKeyDown={[Function]}
              role="presentation"
              selected={false}
              tabIndex={0}
            >
              <div
                className="bx--row"
              >
                <div
                  className="bx--col-lg-8"
                >
                  <strong>
                    What is Carbon?
                  </strong>
                  <p>
                    Carbon is IBM’s open-source design system for digital products and experiences. With the IBM Design Language as its foundation, the system consists of working code, design tools and resources, human interface guidelines, and a vibrant community of contributors.
                  </p>
                  <ForwardRef(Button)
                    disabled={false}
                    iconDescription="Provide icon description if icon is used"
                    kind="primary"
                    small={false}
                    tabIndex={0}
                    type="button"
                  >
                    Learn more
                  </ForwardRef(Button)>
                </div>
                <div
                  className="bx--col-lg-8"
                >
                  <img
                    alt="Carbon illustration"
                    src="/Banner_illustration.png"
                  />
                </div>
              </div>
            </Tab>
            <Tab
              href="#"
              label="Tab label 2"
              onClick={[Function]}
              onKeyDown={[Function]}
              role="presentation"
              selected={false}
              tabIndex={0}
            >
              <div>
                Content for second tab goes here.
              </div>
            </Tab>
            <Tab
              href="#"
              label="Tab label 3"
              onClick={[Function]}
              onKeyDown={[Function]}
              role="presentation"
              selected={false}
              tabIndex={0}
            >
              <div>
                Content for third tab goes here.
              </div>
            </Tab>
          </Tabs>
        </div>,
        <div
          className="bx--row"
        >
          <div
            className="bx--col-lg-4"
          >
            <strong>
              The Principles
            </strong>
          </div>
          <div
            className="bx--col-lg-4"
          >
            1/4
          </div>
          <div
            className="bx--col-lg-4"
          >
            1/4
          </div>
          <div
            className="bx--col-lg-4"
          >
            1/4
          </div>
        </div>,
        <div
          className="bx--row"
        >
          <div
            className="bx--col-lg-4"
          >
            <strong>
              Who is Carbon for?
            </strong>
          </div>
          <div
            className="bx--col-lg-4"
          >
            1/4
          </div>
          <div
            className="bx--col-lg-8"
          >
            1/2 Lorem ipsum dolor sit amet consectetur, adipisicing elit. Alias reiciendis fuga architecto omnis temporibus quam, voluptatibus, at aspernatur, blanditiis animi vitae esse voluptates quis corporis quo eveniet magni possimus minima!
          </div>
          <div
            className="bx--col-lg-4"
          >
            1/4
          </div>
          <div
            className="bx--col-lg-4"
          >
            1/4
          </div>
          <div
            className="bx--col-lg-8"
          >
            1/2 Lorem ipsum, dolor sit amet consectetur adipisicing elit. Veniam magni, pariatur aut voluptas quae facilis vitae animi? Fugit necessitatibus, vitae qui quos aut in doloremque, aspernatur voluptas, recusandae doloribus illo.
          </div>
        </div>,
        <div
          className="bx--row"
        >
          <div
            className="bx--col-lg-4"
          >
            <strong>
              Get design guidance & code
            </strong>
          </div>
          <div
            className="bx--col-lg-4"
          >
            1/4
          </div>
          <div
            className="bx--col-lg-4"
          >
            1/4
          </div>
          <div
            className="bx--col-lg-4"
          >
            1/4
          </div>
        </div>,
      ],
      "className": "bx--grid bx--grid--full-width landing-page",
    },
    "ref": null,
    "rendered": Array [
      Object {
        "instance": null,
        "key": undefined,
        "nodeType": "host",
        "props": Object {
          "children": Array [
            <Breadcrumb
              noTrailingSlash={true}
            >
              <BreadcrumbItem>
                <a
                  href="/"
                >
                  Getting started
                </a>
              </BreadcrumbItem>
            </Breadcrumb>,
            <h1>
              Design & build with Carbon
            </h1>,
          ],
          "className": "bx--row banner",
        },
        "ref": null,
        "rendered": Array [
          Object {
            "instance": null,
            "key": undefined,
            "nodeType": "function",
            "props": Object {
              "children": <BreadcrumbItem>
                <a
                  href="/"
                >
                  Getting started
                </a>
              </BreadcrumbItem>,
              "noTrailingSlash": true,
            },
            "ref": null,
            "rendered": Object {
              "instance": null,
              "key": undefined,
              "nodeType": "function",
              "props": Object {
                "children": <a
                  href="/"
                >
                  Getting started
                </a>,
              },
              "ref": null,
              "rendered": Object {
                "instance": null,
                "key": undefined,
                "nodeType": "host",
                "props": Object {
                  "children": "Getting started",
                  "href": "/",
                },
                "ref": null,
                "rendered": "Getting started",
                "type": "a",
              },
              "type": [Function],
            },
            "type": [Function],
          },
          Object {
            "instance": null,
            "key": undefined,
            "nodeType": "host",
            "props": Object {
              "children": "Design & build with Carbon",
            },
            "ref": null,
            "rendered": "Design & build with Carbon",
            "type": "h1",
          },
        ],
        "type": "div",
      },
      Object {
        "instance": null,
        "key": undefined,
        "nodeType": "host",
        "props": Object {
          "children": <Tabs
            ariaLabel="listbox"
            className="some-class"
            iconDescription="show menu options"
            role="navigation"
            selected={0}
            triggerHref="#"
          >
            <Tab
              href="#"
              label="Tab label 1"
              onClick={[Function]}
              onKeyDown={[Function]}
              role="presentation"
              selected={false}
              tabIndex={0}
            >
              <div
                className="bx--row"
              >
                <div
                  className="bx--col-lg-8"
                >
                  <strong>
                    What is Carbon?
                  </strong>
                  <p>
                    Carbon is IBM’s open-source design system for digital products and experiences. With the IBM Design Language as its foundation, the system consists of working code, design tools and resources, human interface guidelines, and a vibrant community of contributors.
                  </p>
                  <ForwardRef(Button)
                    disabled={false}
                    iconDescription="Provide icon description if icon is used"
                    kind="primary"
                    small={false}
                    tabIndex={0}
                    type="button"
                  >
                    Learn more
                  </ForwardRef(Button)>
                </div>
                <div
                  className="bx--col-lg-8"
                >
                  <img
                    alt="Carbon illustration"
                    src="/Banner_illustration.png"
                  />
                </div>
              </div>
            </Tab>
            <Tab
              href="#"
              label="Tab label 2"
              onClick={[Function]}
              onKeyDown={[Function]}
              role="presentation"
              selected={false}
              tabIndex={0}
            >
              <div>
                Content for second tab goes here.
              </div>
            </Tab>
            <Tab
              href="#"
              label="Tab label 3"
              onClick={[Function]}
              onKeyDown={[Function]}
              role="presentation"
              selected={false}
              tabIndex={0}
            >
              <div>
                Content for third tab goes here.
              </div>
            </Tab>
          </Tabs>,
          "className": "bx--row intro",
        },
        "ref": null,
        "rendered": Object {
          "instance": null,
          "key": undefined,
          "nodeType": "class",
          "props": Object {
            "ariaLabel": "listbox",
            "children": Array [
              <Tab
                href="#"
                label="Tab label 1"
                onClick={[Function]}
                onKeyDown={[Function]}
                role="presentation"
                selected={false}
                tabIndex={0}
              >
                <div
                  className="bx--row"
                >
                  <div
                    className="bx--col-lg-8"
                  >
                    <strong>
                      What is Carbon?
                    </strong>
                    <p>
                      Carbon is IBM’s open-source design system for digital products and experiences. With the IBM Design Language as its foundation, the system consists of working code, design tools and resources, human interface guidelines, and a vibrant community of contributors.
                    </p>
                    <ForwardRef(Button)
                      disabled={false}
                      iconDescription="Provide icon description if icon is used"
                      kind="primary"
                      small={false}
                      tabIndex={0}
                      type="button"
                    >
                      Learn more
                    </ForwardRef(Button)>
                  </div>
                  <div
                    className="bx--col-lg-8"
                  >
                    <img
                      alt="Carbon illustration"
                      src="/Banner_illustration.png"
                    />
                  </div>
                </div>
              </Tab>,
              <Tab
                href="#"
                label="Tab label 2"
                onClick={[Function]}
                onKeyDown={[Function]}
                role="presentation"
                selected={false}
                tabIndex={0}
              >
                <div>
                  Content for second tab goes here.
                </div>
              </Tab>,
              <Tab
                href="#"
                label="Tab label 3"
                onClick={[Function]}
                onKeyDown={[Function]}
                role="presentation"
                selected={false}
                tabIndex={0}
              >
                <div>
                  Content for third tab goes here.
                </div>
              </Tab>,
            ],
            "className": "some-class",
            "iconDescription": "show menu options",
            "role": "navigation",
            "selected": 0,
            "triggerHref": "#",
          },
          "ref": null,
          "rendered": Array [
            Object {
              "instance": null,
              "key": undefined,
              "nodeType": "class",
              "props": Object {
                "children": <div
                  className="bx--row"
                >
                  <div
                    className="bx--col-lg-8"
                  >
                    <strong>
                      What is Carbon?
                    </strong>
                    <p>
                      Carbon is IBM’s open-source design system for digital products and experiences. With the IBM Design Language as its foundation, the system consists of working code, design tools and resources, human interface guidelines, and a vibrant community of contributors.
                    </p>
                    <ForwardRef(Button)
                      disabled={false}
                      iconDescription="Provide icon description if icon is used"
                      kind="primary"
                      small={false}
                      tabIndex={0}
                      type="button"
                    >
                      Learn more
                    </ForwardRef(Button)>
                  </div>
                  <div
                    className="bx--col-lg-8"
                  >
                    <img
                      alt="Carbon illustration"
                      src="/Banner_illustration.png"
                    />
                  </div>
                </div>,
                "href": "#",
                "label": "Tab label 1",
                "onClick": [Function],
                "onKeyDown": [Function],
                "role": "presentation",
                "selected": false,
                "tabIndex": 0,
              },
              "ref": null,
              "rendered": Object {
                "instance": null,
                "key": undefined,
                "nodeType": "host",
                "props": Object {
                  "children": Array [
                    <div
                      className="bx--col-lg-8"
                    >
                      <strong>
                        What is Carbon?
                      </strong>
                      <p>
                        Carbon is IBM’s open-source design system for digital products and experiences. With the IBM Design Language as its foundation, the system consists of working code, design tools and resources, human interface guidelines, and a vibrant community of contributors.
                      </p>
                      <ForwardRef(Button)
                        disabled={false}
                        iconDescription="Provide icon description if icon is used"
                        kind="primary"
                        small={false}
                        tabIndex={0}
                        type="button"
                      >
                        Learn more
                      </ForwardRef(Button)>
                    </div>,
                    <div
                      className="bx--col-lg-8"
                    >
                      <img
                        alt="Carbon illustration"
                        src="/Banner_illustration.png"
                      />
                    </div>,
                  ],
                  "className": "bx--row",
                },
                "ref": null,
                "rendered": Array [
                  Object {
                    "instance": null,
                    "key": undefined,
                    "nodeType": "host",
                    "props": Object {
                      "children": Array [
                        <strong>
                          What is Carbon?
                        </strong>,
                        <p>
                          Carbon is IBM’s open-source design system for digital products and experiences. With the IBM Design Language as its foundation, the system consists of working code, design tools and resources, human interface guidelines, and a vibrant community of contributors.
                        </p>,
                        <ForwardRef(Button)
                          disabled={false}
                          iconDescription="Provide icon description if icon is used"
                          kind="primary"
                          small={false}
                          tabIndex={0}
                          type="button"
                        >
                          Learn more
                        </ForwardRef(Button)>,
                      ],
                      "className": "bx--col-lg-8",
                    },
                    "ref": null,
                    "rendered": Array [
                      Object {
                        "instance": null,
                        "key": undefined,
                        "nodeType": "host",
                        "props": Object {
                          "children": "What is Carbon?",
                        },
                        "ref": null,
                        "rendered": "What is Carbon?",
                        "type": "strong",
                      },
                      Object {
                        "instance": null,
                        "key": undefined,
                        "nodeType": "host",
                        "props": Object {
                          "children": "Carbon is IBM’s open-source design system for digital products and experiences. With the IBM Design Language as its foundation, the system consists of working code, design tools and resources, human interface guidelines, and a vibrant community of contributors.",
                        },
                        "ref": null,
                        "rendered": "Carbon is IBM’s open-source design system for digital products and experiences. With the IBM Design Language as its foundation, the system consists of working code, design tools and resources, human interface guidelines, and a vibrant community of contributors.",
                        "type": "p",
                      },
                      Object {
                        "instance": null,
                        "key": undefined,
                        "nodeType": "function",
                        "props": Object {
                          "children": "Learn more",
                          "disabled": false,
                          "iconDescription": "Provide icon description if icon is used",
                          "kind": "primary",
                          "small": false,
                          "tabIndex": 0,
                          "type": "button",
                        },
                        "ref": null,
                        "rendered": "Learn more",
                        "type": Object {
                          "$$typeof": Symbol(react.forward_ref),
                          "defaultProps": Object {
                            "disabled": false,
                            "iconDescription": "Provide icon description if icon is used",
                            "kind": "primary",
                            "small": false,
                            "tabIndex": 0,
                            "type": "button",
                          },
                          "propTypes": Object {
                            "as": [Function],
                            "children": [Function],
                            "className": [Function],
                            "disabled": [Function],
                            "href": [Function],
                            "icon": [Function],
                            "iconDescription": [Function],
                            "kind": [Function],
                            "renderIcon": [Function],
                            "role": [Function],
                            "small": [Function],
                            "tabIndex": [Function],
                            "type": [Function],
                          },
                          "render": [Function],
                        },
                      },
                    ],
                    "type": "div",
                  },
                  Object {
                    "instance": null,
                    "key": undefined,
                    "nodeType": "host",
                    "props": Object {
                      "children": <img
                        alt="Carbon illustration"
                        src="/Banner_illustration.png"
                      />,
                      "className": "bx--col-lg-8",
                    },
                    "ref": null,
                    "rendered": Object {
                      "instance": null,
                      "key": undefined,
                      "nodeType": "host",
                      "props": Object {
                        "alt": "Carbon illustration",
                        "src": "/Banner_illustration.png",
                      },
                      "ref": null,
                      "rendered": null,
                      "type": "img",
                    },
                    "type": "div",
                  },
                ],
                "type": "div",
              },
              "type": [Function],
            },
            Object {
              "instance": null,
              "key": undefined,
              "nodeType": "class",
              "props": Object {
                "children": <div>
                  Content for second tab goes here.
                </div>,
                "href": "#",
                "label": "Tab label 2",
                "onClick": [Function],
                "onKeyDown": [Function],
                "role": "presentation",
                "selected": false,
                "tabIndex": 0,
              },
              "ref": null,
              "rendered": Object {
                "instance": null,
                "key": undefined,
                "nodeType": "host",
                "props": Object {
                  "children": "Content for second tab goes here.",
                },
                "ref": null,
                "rendered": "Content for second tab goes here.",
                "type": "div",
              },
              "type": [Function],
            },
            Object {
              "instance": null,
              "key": undefined,
              "nodeType": "class",
              "props": Object {
                "children": <div>
                  Content for third tab goes here.
                </div>,
                "href": "#",
                "label": "Tab label 3",
                "onClick": [Function],
                "onKeyDown": [Function],
                "role": "presentation",
                "selected": false,
                "tabIndex": 0,
              },
              "ref": null,
              "rendered": Object {
                "instance": null,
                "key": undefined,
                "nodeType": "host",
                "props": Object {
                  "children": "Content for third tab goes here.",
                },
                "ref": null,
                "rendered": "Content for third tab goes here.",
                "type": "div",
              },
              "type": [Function],
            },
          ],
          "type": [Function],
        },
        "type": "div",
      },
      Object {
        "instance": null,
        "key": undefined,
        "nodeType": "host",
        "props": Object {
          "children": Array [
            <div
              className="bx--col-lg-4"
            >
              <strong>
                The Principles
              </strong>
            </div>,
            <div
              className="bx--col-lg-4"
            >
              1/4
            </div>,
            <div
              className="bx--col-lg-4"
            >
              1/4
            </div>,
            <div
              className="bx--col-lg-4"
            >
              1/4
            </div>,
          ],
          "className": "bx--row",
        },
        "ref": null,
        "rendered": Array [
          Object {
            "instance": null,
            "key": undefined,
            "nodeType": "host",
            "props": Object {
              "children": <strong>
                The Principles
              </strong>,
              "className": "bx--col-lg-4",
            },
            "ref": null,
            "rendered": Object {
              "instance": null,
              "key": undefined,
              "nodeType": "host",
              "props": Object {
                "children": "The Principles",
              },
              "ref": null,
              "rendered": "The Principles",
              "type": "strong",
            },
            "type": "div",
          },
          Object {
            "instance": null,
            "key": undefined,
            "nodeType": "host",
            "props": Object {
              "children": "1/4",
              "className": "bx--col-lg-4",
            },
            "ref": null,
            "rendered": "1/4",
            "type": "div",
          },
          Object {
            "instance": null,
            "key": undefined,
            "nodeType": "host",
            "props": Object {
              "children": "1/4",
              "className": "bx--col-lg-4",
            },
            "ref": null,
            "rendered": "1/4",
            "type": "div",
          },
          Object {
            "instance": null,
            "key": undefined,
            "nodeType": "host",
            "props": Object {
              "children": "1/4",
              "className": "bx--col-lg-4",
            },
            "ref": null,
            "rendered": "1/4",
            "type": "div",
          },
        ],
        "type": "div",
      },
      Object {
        "instance": null,
        "key": undefined,
        "nodeType": "host",
        "props": Object {
          "children": Array [
            <div
              className="bx--col-lg-4"
            >
              <strong>
                Who is Carbon for?
              </strong>
            </div>,
            <div
              className="bx--col-lg-4"
            >
              1/4
            </div>,
            <div
              className="bx--col-lg-8"
            >
              1/2 Lorem ipsum dolor sit amet consectetur, adipisicing elit. Alias reiciendis fuga architecto omnis temporibus quam, voluptatibus, at aspernatur, blanditiis animi vitae esse voluptates quis corporis quo eveniet magni possimus minima!
            </div>,
            <div
              className="bx--col-lg-4"
            >
              1/4
            </div>,
            <div
              className="bx--col-lg-4"
            >
              1/4
            </div>,
            <div
              className="bx--col-lg-8"
            >
              1/2 Lorem ipsum, dolor sit amet consectetur adipisicing elit. Veniam magni, pariatur aut voluptas quae facilis vitae animi? Fugit necessitatibus, vitae qui quos aut in doloremque, aspernatur voluptas, recusandae doloribus illo.
            </div>,
          ],
          "className": "bx--row",
        },
        "ref": null,
        "rendered": Array [
          Object {
            "instance": null,
            "key": undefined,
            "nodeType": "host",
            "props": Object {
              "children": <strong>
                Who is Carbon for?
              </strong>,
              "className": "bx--col-lg-4",
            },
            "ref": null,
            "rendered": Object {
              "instance": null,
              "key": undefined,
              "nodeType": "host",
              "props": Object {
                "children": "Who is Carbon for?",
              },
              "ref": null,
              "rendered": "Who is Carbon for?",
              "type": "strong",
            },
            "type": "div",
          },
          Object {
            "instance": null,
            "key": undefined,
            "nodeType": "host",
            "props": Object {
              "children": "1/4",
              "className": "bx--col-lg-4",
            },
            "ref": null,
            "rendered": "1/4",
            "type": "div",
          },
          Object {
            "instance": null,
            "key": undefined,
            "nodeType": "host",
            "props": Object {
              "children": "1/2 Lorem ipsum dolor sit amet consectetur, adipisicing elit. Alias reiciendis fuga architecto omnis temporibus quam, voluptatibus, at aspernatur, blanditiis animi vitae esse voluptates quis corporis quo eveniet magni possimus minima!",
              "className": "bx--col-lg-8",
            },
            "ref": null,
            "rendered": "1/2 Lorem ipsum dolor sit amet consectetur, adipisicing elit. Alias reiciendis fuga architecto omnis temporibus quam, voluptatibus, at aspernatur, blanditiis animi vitae esse voluptates quis corporis quo eveniet magni possimus minima!",
            "type": "div",
          },
          Object {
            "instance": null,
            "key": undefined,
            "nodeType": "host",
            "props": Object {
              "children": "1/4",
              "className": "bx--col-lg-4",
            },
            "ref": null,
            "rendered": "1/4",
            "type": "div",
          },
          Object {
            "instance": null,
            "key": undefined,
            "nodeType": "host",
            "props": Object {
              "children": "1/4",
              "className": "bx--col-lg-4",
            },
            "ref": null,
            "rendered": "1/4",
            "type": "div",
          },
          Object {
            "instance": null,
            "key": undefined,
            "nodeType": "host",
            "props": Object {
              "children": "1/2 Lorem ipsum, dolor sit amet consectetur adipisicing elit. Veniam magni, pariatur aut voluptas quae facilis vitae animi? Fugit necessitatibus, vitae qui quos aut in doloremque, aspernatur voluptas, recusandae doloribus illo.",
              "className": "bx--col-lg-8",
            },
            "ref": null,
            "rendered": "1/2 Lorem ipsum, dolor sit amet consectetur adipisicing elit. Veniam magni, pariatur aut voluptas quae facilis vitae animi? Fugit necessitatibus, vitae qui quos aut in doloremque, aspernatur voluptas, recusandae doloribus illo.",
            "type": "div",
          },
        ],
        "type": "div",
      },
      Object {
        "instance": null,
        "key": undefined,
        "nodeType": "host",
        "props": Object {
          "children": Array [
            <div
              className="bx--col-lg-4"
            >
              <strong>
                Get design guidance & code
              </strong>
            </div>,
            <div
              className="bx--col-lg-4"
            >
              1/4
            </div>,
            <div
              className="bx--col-lg-4"
            >
              1/4
            </div>,
            <div
              className="bx--col-lg-4"
            >
              1/4
            </div>,
          ],
          "className": "bx--row",
        },
        "ref": null,
        "rendered": Array [
          Object {
            "instance": null,
            "key": undefined,
            "nodeType": "host",
            "props": Object {
              "children": <strong>
                Get design guidance & code
              </strong>,
              "className": "bx--col-lg-4",
            },
            "ref": null,
            "rendered": Object {
              "instance": null,
              "key": undefined,
              "nodeType": "host",
              "props": Object {
                "children": "Get design guidance & code",
              },
              "ref": null,
              "rendered": "Get design guidance & code",
              "type": "strong",
            },
            "type": "div",
          },
          Object {
            "instance": null,
            "key": undefined,
            "nodeType": "host",
            "props": Object {
              "children": "1/4",
              "className": "bx--col-lg-4",
            },
            "ref": null,
            "rendered": "1/4",
            "type": "div",
          },
          Object {
            "instance": null,
            "key": undefined,
            "nodeType": "host",
            "props": Object {
              "children": "1/4",
              "className": "bx--col-lg-4",
            },
            "ref": null,
            "rendered": "1/4",
            "type": "div",
          },
          Object {
            "instance": null,
            "key": undefined,
            "nodeType": "host",
            "props": Object {
              "children": "1/4",
              "className": "bx--col-lg-4",
            },
            "ref": null,
            "rendered": "1/4",
            "type": "div",
          },
        ],
        "type": "div",
      },
    ],
    "type": "div",
  },
  Symbol(enzyme.__nodes__): Array [
    Object {
      "instance": null,
      "key": undefined,
      "nodeType": "host",
      "props": Object {
        "children": Array [
          <div
            className="bx--row banner"
          >
            <Breadcrumb
              noTrailingSlash={true}
            >
              <BreadcrumbItem>
                <a
                  href="/"
                >
                  Getting started
                </a>
              </BreadcrumbItem>
            </Breadcrumb>
            <h1>
              Design & build with Carbon
            </h1>
          </div>,
          <div
            className="bx--row intro"
          >
            <Tabs
              ariaLabel="listbox"
              className="some-class"
              iconDescription="show menu options"
              role="navigation"
              selected={0}
              triggerHref="#"
            >
              <Tab
                href="#"
                label="Tab label 1"
                onClick={[Function]}
                onKeyDown={[Function]}
                role="presentation"
                selected={false}
                tabIndex={0}
              >
                <div
                  className="bx--row"
                >
                  <div
                    className="bx--col-lg-8"
                  >
                    <strong>
                      What is Carbon?
                    </strong>
                    <p>
                      Carbon is IBM’s open-source design system for digital products and experiences. With the IBM Design Language as its foundation, the system consists of working code, design tools and resources, human interface guidelines, and a vibrant community of contributors.
                    </p>
                    <ForwardRef(Button)
                      disabled={false}
                      iconDescription="Provide icon description if icon is used"
                      kind="primary"
                      small={false}
                      tabIndex={0}
                      type="button"
                    >
                      Learn more
                    </ForwardRef(Button)>
                  </div>
                  <div
                    className="bx--col-lg-8"
                  >
                    <img
                      alt="Carbon illustration"
                      src="/Banner_illustration.png"
                    />
                  </div>
                </div>
              </Tab>
              <Tab
                href="#"
                label="Tab label 2"
                onClick={[Function]}
                onKeyDown={[Function]}
                role="presentation"
                selected={false}
                tabIndex={0}
              >
                <div>
                  Content for second tab goes here.
                </div>
              </Tab>
              <Tab
                href="#"
                label="Tab label 3"
                onClick={[Function]}
                onKeyDown={[Function]}
                role="presentation"
                selected={false}
                tabIndex={0}
              >
                <div>
                  Content for third tab goes here.
                </div>
              </Tab>
            </Tabs>
          </div>,
          <div
            className="bx--row"
          >
            <div
              className="bx--col-lg-4"
            >
              <strong>
                The Principles
              </strong>
            </div>
            <div
              className="bx--col-lg-4"
            >
              1/4
            </div>
            <div
              className="bx--col-lg-4"
            >
              1/4
            </div>
            <div
              className="bx--col-lg-4"
            >
              1/4
            </div>
          </div>,
          <div
            className="bx--row"
          >
            <div
              className="bx--col-lg-4"
            >
              <strong>
                Who is Carbon for?
              </strong>
            </div>
            <div
              className="bx--col-lg-4"
            >
              1/4
            </div>
            <div
              className="bx--col-lg-8"
            >
              1/2 Lorem ipsum dolor sit amet consectetur, adipisicing elit. Alias reiciendis fuga architecto omnis temporibus quam, voluptatibus, at aspernatur, blanditiis animi vitae esse voluptates quis corporis quo eveniet magni possimus minima!
            </div>
            <div
              className="bx--col-lg-4"
            >
              1/4
            </div>
            <div
              className="bx--col-lg-4"
            >
              1/4
            </div>
            <div
              className="bx--col-lg-8"
            >
              1/2 Lorem ipsum, dolor sit amet consectetur adipisicing elit. Veniam magni, pariatur aut voluptas quae facilis vitae animi? Fugit necessitatibus, vitae qui quos aut in doloremque, aspernatur voluptas, recusandae doloribus illo.
            </div>
          </div>,
          <div
            className="bx--row"
          >
            <div
              className="bx--col-lg-4"
            >
              <strong>
                Get design guidance & code
              </strong>
            </div>
            <div
              className="bx--col-lg-4"
            >
              1/4
            </div>
            <div
              className="bx--col-lg-4"
            >
              1/4
            </div>
            <div
              className="bx--col-lg-4"
            >
              1/4
            </div>
          </div>,
        ],
        "className": "bx--grid bx--grid--full-width landing-page",
      },
      "ref": null,
      "rendered": Array [
        Object {
          "instance": null,
          "key": undefined,
          "nodeType": "host",
          "props": Object {
            "children": Array [
              <Breadcrumb
                noTrailingSlash={true}
              >
                <BreadcrumbItem>
                  <a
                    href="/"
                  >
                    Getting started
                  </a>
                </BreadcrumbItem>
              </Breadcrumb>,
              <h1>
                Design & build with Carbon
              </h1>,
            ],
            "className": "bx--row banner",
          },
          "ref": null,
          "rendered": Array [
            Object {
              "instance": null,
              "key": undefined,
              "nodeType": "function",
              "props": Object {
                "children": <BreadcrumbItem>
                  <a
                    href="/"
                  >
                    Getting started
                  </a>
                </BreadcrumbItem>,
                "noTrailingSlash": true,
              },
              "ref": null,
              "rendered": Object {
                "instance": null,
                "key": undefined,
                "nodeType": "function",
                "props": Object {
                  "children": <a
                    href="/"
                  >
                    Getting started
                  </a>,
                },
                "ref": null,
                "rendered": Object {
                  "instance": null,
                  "key": undefined,
                  "nodeType": "host",
                  "props": Object {
                    "children": "Getting started",
                    "href": "/",
                  },
                  "ref": null,
                  "rendered": "Getting started",
                  "type": "a",
                },
                "type": [Function],
              },
              "type": [Function],
            },
            Object {
              "instance": null,
              "key": undefined,
              "nodeType": "host",
              "props": Object {
                "children": "Design & build with Carbon",
              },
              "ref": null,
              "rendered": "Design & build with Carbon",
              "type": "h1",
            },
          ],
          "type": "div",
        },
        Object {
          "instance": null,
          "key": undefined,
          "nodeType": "host",
          "props": Object {
            "children": <Tabs
              ariaLabel="listbox"
              className="some-class"
              iconDescription="show menu options"
              role="navigation"
              selected={0}
              triggerHref="#"
            >
              <Tab
                href="#"
                label="Tab label 1"
                onClick={[Function]}
                onKeyDown={[Function]}
                role="presentation"
                selected={false}
                tabIndex={0}
              >
                <div
                  className="bx--row"
                >
                  <div
                    className="bx--col-lg-8"
                  >
                    <strong>
                      What is Carbon?
                    </strong>
                    <p>
                      Carbon is IBM’s open-source design system for digital products and experiences. With the IBM Design Language as its foundation, the system consists of working code, design tools and resources, human interface guidelines, and a vibrant community of contributors.
                    </p>
                    <ForwardRef(Button)
                      disabled={false}
                      iconDescription="Provide icon description if icon is used"
                      kind="primary"
                      small={false}
                      tabIndex={0}
                      type="button"
                    >
                      Learn more
                    </ForwardRef(Button)>
                  </div>
                  <div
                    className="bx--col-lg-8"
                  >
                    <img
                      alt="Carbon illustration"
                      src="/Banner_illustration.png"
                    />
                  </div>
                </div>
              </Tab>
              <Tab
                href="#"
                label="Tab label 2"
                onClick={[Function]}
                onKeyDown={[Function]}
                role="presentation"
                selected={false}
                tabIndex={0}
              >
                <div>
                  Content for second tab goes here.
                </div>
              </Tab>
              <Tab
                href="#"
                label="Tab label 3"
                onClick={[Function]}
                onKeyDown={[Function]}
                role="presentation"
                selected={false}
                tabIndex={0}
              >
                <div>
                  Content for third tab goes here.
                </div>
              </Tab>
            </Tabs>,
            "className": "bx--row intro",
          },
          "ref": null,
          "rendered": Object {
            "instance": null,
            "key": undefined,
            "nodeType": "class",
            "props": Object {
              "ariaLabel": "listbox",
              "children": Array [
                <Tab
                  href="#"
                  label="Tab label 1"
                  onClick={[Function]}
                  onKeyDown={[Function]}
                  role="presentation"
                  selected={false}
                  tabIndex={0}
                >
                  <div
                    className="bx--row"
                  >
                    <div
                      className="bx--col-lg-8"
                    >
                      <strong>
                        What is Carbon?
                      </strong>
                      <p>
                        Carbon is IBM’s open-source design system for digital products and experiences. With the IBM Design Language as its foundation, the system consists of working code, design tools and resources, human interface guidelines, and a vibrant community of contributors.
                      </p>
                      <ForwardRef(Button)
                        disabled={false}
                        iconDescription="Provide icon description if icon is used"
                        kind="primary"
                        small={false}
                        tabIndex={0}
                        type="button"
                      >
                        Learn more
                      </ForwardRef(Button)>
                    </div>
                    <div
                      className="bx--col-lg-8"
                    >
                      <img
                        alt="Carbon illustration"
                        src="/Banner_illustration.png"
                      />
                    </div>
                  </div>
                </Tab>,
                <Tab
                  href="#"
                  label="Tab label 2"
                  onClick={[Function]}
                  onKeyDown={[Function]}
                  role="presentation"
                  selected={false}
                  tabIndex={0}
                >
                  <div>
                    Content for second tab goes here.
                  </div>
                </Tab>,
                <Tab
                  href="#"
                  label="Tab label 3"
                  onClick={[Function]}
                  onKeyDown={[Function]}
                  role="presentation"
                  selected={false}
                  tabIndex={0}
                >
                  <div>
                    Content for third tab goes here.
                  </div>
                </Tab>,
              ],
              "className": "some-class",
              "iconDescription": "show menu options",
              "role": "navigation",
              "selected": 0,
              "triggerHref": "#",
            },
            "ref": null,
            "rendered": Array [
              Object {
                "instance": null,
                "key": undefined,
                "nodeType": "class",
                "props": Object {
                  "children": <div
                    className="bx--row"
                  >
                    <div
                      className="bx--col-lg-8"
                    >
                      <strong>
                        What is Carbon?
                      </strong>
                      <p>
                        Carbon is IBM’s open-source design system for digital products and experiences. With the IBM Design Language as its foundation, the system consists of working code, design tools and resources, human interface guidelines, and a vibrant community of contributors.
                      </p>
                      <ForwardRef(Button)
                        disabled={false}
                        iconDescription="Provide icon description if icon is used"
                        kind="primary"
                        small={false}
                        tabIndex={0}
                        type="button"
                      >
                        Learn more
                      </ForwardRef(Button)>
                    </div>
                    <div
                      className="bx--col-lg-8"
                    >
                      <img
                        alt="Carbon illustration"
                        src="/Banner_illustration.png"
                      />
                    </div>
                  </div>,
                  "href": "#",
                  "label": "Tab label 1",
                  "onClick": [Function],
                  "onKeyDown": [Function],
                  "role": "presentation",
                  "selected": false,
                  "tabIndex": 0,
                },
                "ref": null,
                "rendered": Object {
                  "instance": null,
                  "key": undefined,
                  "nodeType": "host",
                  "props": Object {
                    "children": Array [
                      <div
                        className="bx--col-lg-8"
                      >
                        <strong>
                          What is Carbon?
                        </strong>
                        <p>
                          Carbon is IBM’s open-source design system for digital products and experiences. With the IBM Design Language as its foundation, the system consists of working code, design tools and resources, human interface guidelines, and a vibrant community of contributors.
                        </p>
                        <ForwardRef(Button)
                          disabled={false}
                          iconDescription="Provide icon description if icon is used"
                          kind="primary"
                          small={false}
                          tabIndex={0}
                          type="button"
                        >
                          Learn more
                        </ForwardRef(Button)>
                      </div>,
                      <div
                        className="bx--col-lg-8"
                      >
                        <img
                          alt="Carbon illustration"
                          src="/Banner_illustration.png"
                        />
                      </div>,
                    ],
                    "className": "bx--row",
                  },
                  "ref": null,
                  "rendered": Array [
                    Object {
                      "instance": null,
                      "key": undefined,
                      "nodeType": "host",
                      "props": Object {
                        "children": Array [
                          <strong>
                            What is Carbon?
                          </strong>,
                          <p>
                            Carbon is IBM’s open-source design system for digital products and experiences. With the IBM Design Language as its foundation, the system consists of working code, design tools and resources, human interface guidelines, and a vibrant community of contributors.
                          </p>,
                          <ForwardRef(Button)
                            disabled={false}
                            iconDescription="Provide icon description if icon is used"
                            kind="primary"
                            small={false}
                            tabIndex={0}
                            type="button"
                          >
                            Learn more
                          </ForwardRef(Button)>,
                        ],
                        "className": "bx--col-lg-8",
                      },
                      "ref": null,
                      "rendered": Array [
                        Object {
                          "instance": null,
                          "key": undefined,
                          "nodeType": "host",
                          "props": Object {
                            "children": "What is Carbon?",
                          },
                          "ref": null,
                          "rendered": "What is Carbon?",
                          "type": "strong",
                        },
                        Object {
                          "instance": null,
                          "key": undefined,
                          "nodeType": "host",
                          "props": Object {
                            "children": "Carbon is IBM’s open-source design system for digital products and experiences. With the IBM Design Language as its foundation, the system consists of working code, design tools and resources, human interface guidelines, and a vibrant community of contributors.",
                          },
                          "ref": null,
                          "rendered": "Carbon is IBM’s open-source design system for digital products and experiences. With the IBM Design Language as its foundation, the system consists of working code, design tools and resources, human interface guidelines, and a vibrant community of contributors.",
                          "type": "p",
                        },
                        Object {
                          "instance": null,
                          "key": undefined,
                          "nodeType": "function",
                          "props": Object {
                            "children": "Learn more",
                            "disabled": false,
                            "iconDescription": "Provide icon description if icon is used",
                            "kind": "primary",
                            "small": false,
                            "tabIndex": 0,
                            "type": "button",
                          },
                          "ref": null,
                          "rendered": "Learn more",
                          "type": Object {
                            "$$typeof": Symbol(react.forward_ref),
                            "defaultProps": Object {
                              "disabled": false,
                              "iconDescription": "Provide icon description if icon is used",
                              "kind": "primary",
                              "small": false,
                              "tabIndex": 0,
                              "type": "button",
                            },
                            "propTypes": Object {
                              "as": [Function],
                              "children": [Function],
                              "className": [Function],
                              "disabled": [Function],
                              "href": [Function],
                              "icon": [Function],
                              "iconDescription": [Function],
                              "kind": [Function],
                              "renderIcon": [Function],
                              "role": [Function],
                              "small": [Function],
                              "tabIndex": [Function],
                              "type": [Function],
                            },
                            "render": [Function],
                          },
                        },
                      ],
                      "type": "div",
                    },
                    Object {
                      "instance": null,
                      "key": undefined,
                      "nodeType": "host",
                      "props": Object {
                        "children": <img
                          alt="Carbon illustration"
                          src="/Banner_illustration.png"
                        />,
                        "className": "bx--col-lg-8",
                      },
                      "ref": null,
                      "rendered": Object {
                        "instance": null,
                        "key": undefined,
                        "nodeType": "host",
                        "props": Object {
                          "alt": "Carbon illustration",
                          "src": "/Banner_illustration.png",
                        },
                        "ref": null,
                        "rendered": null,
                        "type": "img",
                      },
                      "type": "div",
                    },
                  ],
                  "type": "div",
                },
                "type": [Function],
              },
              Object {
                "instance": null,
                "key": undefined,
                "nodeType": "class",
                "props": Object {
                  "children": <div>
                    Content for second tab goes here.
                  </div>,
                  "href": "#",
                  "label": "Tab label 2",
                  "onClick": [Function],
                  "onKeyDown": [Function],
                  "role": "presentation",
                  "selected": false,
                  "tabIndex": 0,
                },
                "ref": null,
                "rendered": Object {
                  "instance": null,
                  "key": undefined,
                  "nodeType": "host",
                  "props": Object {
                    "children": "Content for second tab goes here.",
                  },
                  "ref": null,
                  "rendered": "Content for second tab goes here.",
                  "type": "div",
                },
                "type": [Function],
              },
              Object {
                "instance": null,
                "key": undefined,
                "nodeType": "class",
                "props": Object {
                  "children": <div>
                    Content for third tab goes here.
                  </div>,
                  "href": "#",
                  "label": "Tab label 3",
                  "onClick": [Function],
                  "onKeyDown": [Function],
                  "role": "presentation",
                  "selected": false,
                  "tabIndex": 0,
                },
                "ref": null,
                "rendered": Object {
                  "instance": null,
                  "key": undefined,
                  "nodeType": "host",
                  "props": Object {
                    "children": "Content for third tab goes here.",
                  },
                  "ref": null,
                  "rendered": "Content for third tab goes here.",
                  "type": "div",
                },
                "type": [Function],
              },
            ],
            "type": [Function],
          },
          "type": "div",
        },
        Object {
          "instance": null,
          "key": undefined,
          "nodeType": "host",
          "props": Object {
            "children": Array [
              <div
                className="bx--col-lg-4"
              >
                <strong>
                  The Principles
                </strong>
              </div>,
              <div
                className="bx--col-lg-4"
              >
                1/4
              </div>,
              <div
                className="bx--col-lg-4"
              >
                1/4
              </div>,
              <div
                className="bx--col-lg-4"
              >
                1/4
              </div>,
            ],
            "className": "bx--row",
          },
          "ref": null,
          "rendered": Array [
            Object {
              "instance": null,
              "key": undefined,
              "nodeType": "host",
              "props": Object {
                "children": <strong>
                  The Principles
                </strong>,
                "className": "bx--col-lg-4",
              },
              "ref": null,
              "rendered": Object {
                "instance": null,
                "key": undefined,
                "nodeType": "host",
                "props": Object {
                  "children": "The Principles",
                },
                "ref": null,
                "rendered": "The Principles",
                "type": "strong",
              },
              "type": "div",
            },
            Object {
              "instance": null,
              "key": undefined,
              "nodeType": "host",
              "props": Object {
                "children": "1/4",
                "className": "bx--col-lg-4",
              },
              "ref": null,
              "rendered": "1/4",
              "type": "div",
            },
            Object {
              "instance": null,
              "key": undefined,
              "nodeType": "host",
              "props": Object {
                "children": "1/4",
                "className": "bx--col-lg-4",
              },
              "ref": null,
              "rendered": "1/4",
              "type": "div",
            },
            Object {
              "instance": null,
              "key": undefined,
              "nodeType": "host",
              "props": Object {
                "children": "1/4",
                "className": "bx--col-lg-4",
              },
              "ref": null,
              "rendered": "1/4",
              "type": "div",
            },
          ],
          "type": "div",
        },
        Object {
          "instance": null,
          "key": undefined,
          "nodeType": "host",
          "props": Object {
            "children": Array [
              <div
                className="bx--col-lg-4"
              >
                <strong>
                  Who is Carbon for?
                </strong>
              </div>,
              <div
                className="bx--col-lg-4"
              >
                1/4
              </div>,
              <div
                className="bx--col-lg-8"
              >
                1/2 Lorem ipsum dolor sit amet consectetur, adipisicing elit. Alias reiciendis fuga architecto omnis temporibus quam, voluptatibus, at aspernatur, blanditiis animi vitae esse voluptates quis corporis quo eveniet magni possimus minima!
              </div>,
              <div
                className="bx--col-lg-4"
              >
                1/4
              </div>,
              <div
                className="bx--col-lg-4"
              >
                1/4
              </div>,
              <div
                className="bx--col-lg-8"
              >
                1/2 Lorem ipsum, dolor sit amet consectetur adipisicing elit. Veniam magni, pariatur aut voluptas quae facilis vitae animi? Fugit necessitatibus, vitae qui quos aut in doloremque, aspernatur voluptas, recusandae doloribus illo.
              </div>,
            ],
            "className": "bx--row",
          },
          "ref": null,
          "rendered": Array [
            Object {
              "instance": null,
              "key": undefined,
              "nodeType": "host",
              "props": Object {
                "children": <strong>
                  Who is Carbon for?
                </strong>,
                "className": "bx--col-lg-4",
              },
              "ref": null,
              "rendered": Object {
                "instance": null,
                "key": undefined,
                "nodeType": "host",
                "props": Object {
                  "children": "Who is Carbon for?",
                },
                "ref": null,
                "rendered": "Who is Carbon for?",
                "type": "strong",
              },
              "type": "div",
            },
            Object {
              "instance": null,
              "key": undefined,
              "nodeType": "host",
              "props": Object {
                "children": "1/4",
                "className": "bx--col-lg-4",
              },
              "ref": null,
              "rendered": "1/4",
              "type": "div",
            },
            Object {
              "instance": null,
              "key": undefined,
              "nodeType": "host",
              "props": Object {
                "children": "1/2 Lorem ipsum dolor sit amet consectetur, adipisicing elit. Alias reiciendis fuga architecto omnis temporibus quam, voluptatibus, at aspernatur, blanditiis animi vitae esse voluptates quis corporis quo eveniet magni possimus minima!",
                "className": "bx--col-lg-8",
              },
              "ref": null,
              "rendered": "1/2 Lorem ipsum dolor sit amet consectetur, adipisicing elit. Alias reiciendis fuga architecto omnis temporibus quam, voluptatibus, at aspernatur, blanditiis animi vitae esse voluptates quis corporis quo eveniet magni possimus minima!",
              "type": "div",
            },
            Object {
              "instance": null,
              "key": undefined,
              "nodeType": "host",
              "props": Object {
                "children": "1/4",
                "className": "bx--col-lg-4",
              },
              "ref": null,
              "rendered": "1/4",
              "type": "div",
            },
            Object {
              "instance": null,
              "key": undefined,
              "nodeType": "host",
              "props": Object {
                "children": "1/4",
                "className": "bx--col-lg-4",
              },
              "ref": null,
              "rendered": "1/4",
              "type": "div",
            },
            Object {
              "instance": null,
              "key": undefined,
              "nodeType": "host",
              "props": Object {
                "children": "1/2 Lorem ipsum, dolor sit amet consectetur adipisicing elit. Veniam magni, pariatur aut voluptas quae facilis vitae animi? Fugit necessitatibus, vitae qui quos aut in doloremque, aspernatur voluptas, recusandae doloribus illo.",
                "className": "bx--col-lg-8",
              },
              "ref": null,
              "rendered": "1/2 Lorem ipsum, dolor sit amet consectetur adipisicing elit. Veniam magni, pariatur aut voluptas quae facilis vitae animi? Fugit necessitatibus, vitae qui quos aut in doloremque, aspernatur voluptas, recusandae doloribus illo.",
              "type": "div",
            },
          ],
          "type": "div",
        },
        Object {
          "instance": null,
          "key": undefined,
          "nodeType": "host",
          "props": Object {
            "children": Array [
              <div
                className="bx--col-lg-4"
              >
                <strong>
                  Get design guidance & code
                </strong>
              </div>,
              <div
                className="bx--col-lg-4"
              >
                1/4
              </div>,
              <div
                className="bx--col-lg-4"
              >
                1/4
              </div>,
              <div
                className="bx--col-lg-4"
              >
                1/4
              </div>,
            ],
            "className": "bx--row",
          },
          "ref": null,
          "rendered": Array [
            Object {
              "instance": null,
              "key": undefined,
              "nodeType": "host",
              "props": Object {
                "children": <strong>
                  Get design guidance & code
                </strong>,
                "className": "bx--col-lg-4",
              },
              "ref": null,
              "rendered": Object {
                "instance": null,
                "key": undefined,
                "nodeType": "host",
                "props": Object {
                  "children": "Get design guidance & code",
                },
                "ref": null,
                "rendered": "Get design guidance & code",
                "type": "strong",
              },
              "type": "div",
            },
            Object {
              "instance": null,
              "key": undefined,
              "nodeType": "host",
              "props": Object {
                "children": "1/4",
                "className": "bx--col-lg-4",
              },
              "ref": null,
              "rendered": "1/4",
              "type": "div",
            },
            Object {
              "instance": null,
              "key": undefined,
              "nodeType": "host",
              "props": Object {
                "children": "1/4",
                "className": "bx--col-lg-4",
              },
              "ref": null,
              "rendered": "1/4",
              "type": "div",
            },
            Object {
              "instance": null,
              "key": undefined,
              "nodeType": "host",
              "props": Object {
                "children": "1/4",
                "className": "bx--col-lg-4",
              },
              "ref": null,
              "rendered": "1/4",
              "type": "div",
            },
          ],
          "type": "div",
        },
      ],
      "type": "div",
    },
  ],
  Symbol(enzyme.__options__): Object {
    "adapter": ReactSixteenAdapter {
      "options": Object {
        "enableComponentDidUpdateOnSetState": true,
        "legacyContextMode": "parent",
        "lifecycles": Object {
          "componentDidUpdate": Object {
            "onSetState": true,
          },
          "getChildContext": Object {
            "calledByRenderer": false,
          },
          "getDerivedStateFromError": true,
          "getDerivedStateFromProps": Object {
            "hasShouldComponentUpdateBug": false,
          },
          "getSnapshotBeforeUpdate": true,
          "setState": Object {
            "skipsComponentDidUpdateOnNullish": true,
          },
        },
      },
    },
  },
  Symbol(enzyme.__childContext__): null,
}
`;
