// Jest Snapshot v1, https://goo.gl/fbAQLP

exports[`Header exists 1`] = `
ShallowWrapper {
  Symbol(enzyme.__root__): [Circular],
  Symbol(enzyme.__unrendered__): <TutorialHeader />,
  Symbol(enzyme.__renderer__): Object {
    "batchedUpdates": [Function],
    "checkPropTypes": [Function],
    "getNode": [Function],
    "render": [Function],
    "simulateError": [Function],
    "simulateEvent": [Function],
    "unmount": [Function],
  },
  Symbol(enzyme.__node__): Object {
    "instance": null,
    "key": undefined,
    "nodeType": "function",
    "props": Object {
      "children": <Header
        aria-label="Carbon Tutorial"
      >
        <SkipToContent
          href="#main-content"
          tabIndex="0"
        >
          Skip to main content
        </SkipToContent>
        <HeaderName
          href="/"
          prefix="IBM"
        >
          Carbon Tutorial
        </HeaderName>
        <HeaderNavigation
          aria-label="Carbon Tutorial"
        >
          <ForwardRef
            href="/repos"
          >
            Link 1
          </ForwardRef>
        </HeaderNavigation>
        <HeaderGlobalBar>
          <HeaderGlobalAction>
            <ForwardRef
              height={20}
              preserveAspectRatio="xMidYMid meet"
              viewBox="0 0 32 32"
              width={20}
              xmlns="http://www.w3.org/2000/svg"
            />
          </HeaderGlobalAction>
          <HeaderGlobalAction>
            <ForwardRef
              height={20}
              preserveAspectRatio="xMidYMid meet"
              viewBox="0 0 32 32"
              width={20}
              xmlns="http://www.w3.org/2000/svg"
            />
          </HeaderGlobalAction>
          <HeaderGlobalAction>
            <ForwardRef
              height={20}
              preserveAspectRatio="xMidYMid meet"
              viewBox="0 0 20 20"
              width={20}
              xmlns="http://www.w3.org/2000/svg"
            />
          </HeaderGlobalAction>
        </HeaderGlobalBar>
      </Header>,
    },
    "ref": null,
    "rendered": Object {
      "instance": null,
      "key": undefined,
      "nodeType": "function",
      "props": Object {
        "aria-label": "Carbon Tutorial",
        "children": Array [
          <SkipToContent
            href="#main-content"
            tabIndex="0"
          >
            Skip to main content
          </SkipToContent>,
          <HeaderName
            href="/"
            prefix="IBM"
          >
            Carbon Tutorial
          </HeaderName>,
          <HeaderNavigation
            aria-label="Carbon Tutorial"
          >
            <ForwardRef
              href="/repos"
            >
              Link 1
            </ForwardRef>
          </HeaderNavigation>,
          <HeaderGlobalBar>
            <HeaderGlobalAction>
              <ForwardRef
                height={20}
                preserveAspectRatio="xMidYMid meet"
                viewBox="0 0 32 32"
                width={20}
                xmlns="http://www.w3.org/2000/svg"
              />
            </HeaderGlobalAction>
            <HeaderGlobalAction>
              <ForwardRef
                height={20}
                preserveAspectRatio="xMidYMid meet"
                viewBox="0 0 32 32"
                width={20}
                xmlns="http://www.w3.org/2000/svg"
              />
            </HeaderGlobalAction>
            <HeaderGlobalAction>
              <ForwardRef
                height={20}
                preserveAspectRatio="xMidYMid meet"
                viewBox="0 0 20 20"
                width={20}
                xmlns="http://www.w3.org/2000/svg"
              />
            </HeaderGlobalAction>
          </HeaderGlobalBar>,
        ],
      },
      "ref": null,
      "rendered": Array [
        Object {
          "instance": null,
          "key": undefined,
          "nodeType": "function",
          "props": Object {
            "children": "Skip to main content",
            "href": "#main-content",
            "tabIndex": "0",
          },
          "ref": null,
          "rendered": "Skip to main content",
          "type": [Function],
        },
        Object {
          "instance": null,
          "key": undefined,
          "nodeType": "function",
          "props": Object {
            "children": "Carbon Tutorial",
            "href": "/",
            "prefix": "IBM",
          },
          "ref": null,
          "rendered": "Carbon Tutorial",
          "type": [Function],
        },
        Object {
          "instance": null,
          "key": undefined,
          "nodeType": "class",
          "props": Object {
            "aria-label": "Carbon Tutorial",
            "children": <ForwardRef
              href="/repos"
            >
              Link 1
            </ForwardRef>,
          },
          "ref": null,
          "rendered": Object {
            "instance": null,
            "key": undefined,
            "nodeType": "function",
            "props": Object {
              "children": "Link 1",
              "href": "/repos",
            },
            "ref": null,
            "rendered": "Link 1",
            "type": Object {
              "$$typeof": Symbol(react.forward_ref),
              "propTypes": Object {
                "children": [Function],
                "className": [Function],
                "element": [Function],
                "role": [Function],
              },
              "render": [Function],
            },
          },
          "type": [Function],
        },
        Object {
          "instance": null,
          "key": undefined,
          "nodeType": "function",
          "props": Object {
            "children": Array [
              <HeaderGlobalAction>
                <ForwardRef
                  height={20}
                  preserveAspectRatio="xMidYMid meet"
                  viewBox="0 0 32 32"
                  width={20}
                  xmlns="http://www.w3.org/2000/svg"
                />
              </HeaderGlobalAction>,
              <HeaderGlobalAction>
                <ForwardRef
                  height={20}
                  preserveAspectRatio="xMidYMid meet"
                  viewBox="0 0 32 32"
                  width={20}
                  xmlns="http://www.w3.org/2000/svg"
                />
              </HeaderGlobalAction>,
              <HeaderGlobalAction>
                <ForwardRef
                  height={20}
                  preserveAspectRatio="xMidYMid meet"
                  viewBox="0 0 20 20"
                  width={20}
                  xmlns="http://www.w3.org/2000/svg"
                />
              </HeaderGlobalAction>,
            ],
          },
          "ref": null,
          "rendered": Array [
            Object {
              "instance": null,
              "key": undefined,
              "nodeType": "function",
              "props": Object {
                "children": <ForwardRef
                  height={20}
                  preserveAspectRatio="xMidYMid meet"
                  viewBox="0 0 32 32"
                  width={20}
                  xmlns="http://www.w3.org/2000/svg"
                />,
              },
              "ref": null,
              "rendered": Object {
                "instance": null,
                "key": undefined,
                "nodeType": "function",
                "props": Object {
                  "height": 20,
                  "preserveAspectRatio": "xMidYMid meet",
                  "viewBox": "0 0 32 32",
                  "width": 20,
                  "xmlns": "http://www.w3.org/2000/svg",
                },
                "ref": null,
                "rendered": null,
                "type": Object {
                  "$$typeof": Symbol(react.forward_ref),
                  "defaultProps": Object {
                    "height": 20,
                    "preserveAspectRatio": "xMidYMid meet",
                    "viewBox": "0 0 32 32",
                    "width": 20,
                    "xmlns": "http://www.w3.org/2000/svg",
                  },
                  "displayName": "Notification20",
                  "propTypes": Object {
                    "aria-hidden": [Function],
                    "aria-label": [Function],
                    "aria-labelledby": [Function],
                    "children": [Function],
                    "className": [Function],
                    "height": [Function],
                    "preserveAspectRatio": [Function],
                    "tabIndex": [Function],
                    "viewBox": [Function],
                    "width": [Function],
                    "xmlns": [Function],
                  },
                  "render": [Function],
                },
              },
              "type": [Function],
            },
            Object {
              "instance": null,
              "key": undefined,
              "nodeType": "function",
              "props": Object {
                "children": <ForwardRef
                  height={20}
                  preserveAspectRatio="xMidYMid meet"
                  viewBox="0 0 32 32"
                  width={20}
                  xmlns="http://www.w3.org/2000/svg"
                />,
              },
              "ref": null,
              "rendered": Object {
                "instance": null,
                "key": undefined,
                "nodeType": "function",
                "props": Object {
                  "height": 20,
                  "preserveAspectRatio": "xMidYMid meet",
                  "viewBox": "0 0 32 32",
                  "width": 20,
                  "xmlns": "http://www.w3.org/2000/svg",
                },
                "ref": null,
                "rendered": null,
                "type": Object {
                  "$$typeof": Symbol(react.forward_ref),
                  "defaultProps": Object {
                    "height": 20,
                    "preserveAspectRatio": "xMidYMid meet",
                    "viewBox": "0 0 32 32",
                    "width": 20,
                    "xmlns": "http://www.w3.org/2000/svg",
                  },
                  "displayName": "UserAvatar20",
                  "propTypes": Object {
                    "aria-hidden": [Function],
                    "aria-label": [Function],
                    "aria-labelledby": [Function],
                    "children": [Function],
                    "className": [Function],
                    "height": [Function],
                    "preserveAspectRatio": [Function],
                    "tabIndex": [Function],
                    "viewBox": [Function],
                    "width": [Function],
                    "xmlns": [Function],
                  },
                  "render": [Function],
                },
              },
              "type": [Function],
            },
            Object {
              "instance": null,
              "key": undefined,
              "nodeType": "function",
              "props": Object {
                "children": <ForwardRef
                  height={20}
                  preserveAspectRatio="xMidYMid meet"
                  viewBox="0 0 20 20"
                  width={20}
                  xmlns="http://www.w3.org/2000/svg"
                />,
              },
              "ref": null,
              "rendered": Object {
                "instance": null,
                "key": undefined,
                "nodeType": "function",
                "props": Object {
                  "height": 20,
                  "preserveAspectRatio": "xMidYMid meet",
                  "viewBox": "0 0 20 20",
                  "width": 20,
                  "xmlns": "http://www.w3.org/2000/svg",
                },
                "ref": null,
                "rendered": null,
                "type": Object {
                  "$$typeof": Symbol(react.forward_ref),
                  "defaultProps": Object {
                    "height": 20,
                    "preserveAspectRatio": "xMidYMid meet",
                    "viewBox": "0 0 20 20",
                    "width": 20,
                    "xmlns": "http://www.w3.org/2000/svg",
                  },
                  "displayName": "AppSwitcher20",
                  "propTypes": Object {
                    "aria-hidden": [Function],
                    "aria-label": [Function],
                    "aria-labelledby": [Function],
                    "children": [Function],
                    "className": [Function],
                    "height": [Function],
                    "preserveAspectRatio": [Function],
                    "tabIndex": [Function],
                    "viewBox": [Function],
                    "width": [Function],
                    "xmlns": [Function],
                  },
                  "render": [Function],
                },
              },
              "type": [Function],
            },
          ],
          "type": [Function],
        },
      ],
      "type": [Function],
    },
    "type": Symbol(react.fragment),
  },
  Symbol(enzyme.__nodes__): Array [
    Object {
      "instance": null,
      "key": undefined,
      "nodeType": "function",
      "props": Object {
        "children": <Header
          aria-label="Carbon Tutorial"
        >
          <SkipToContent
            href="#main-content"
            tabIndex="0"
          >
            Skip to main content
          </SkipToContent>
          <HeaderName
            href="/"
            prefix="IBM"
          >
            Carbon Tutorial
          </HeaderName>
          <HeaderNavigation
            aria-label="Carbon Tutorial"
          >
            <ForwardRef
              href="/repos"
            >
              Link 1
            </ForwardRef>
          </HeaderNavigation>
          <HeaderGlobalBar>
            <HeaderGlobalAction>
              <ForwardRef
                height={20}
                preserveAspectRatio="xMidYMid meet"
                viewBox="0 0 32 32"
                width={20}
                xmlns="http://www.w3.org/2000/svg"
              />
            </HeaderGlobalAction>
            <HeaderGlobalAction>
              <ForwardRef
                height={20}
                preserveAspectRatio="xMidYMid meet"
                viewBox="0 0 32 32"
                width={20}
                xmlns="http://www.w3.org/2000/svg"
              />
            </HeaderGlobalAction>
            <HeaderGlobalAction>
              <ForwardRef
                height={20}
                preserveAspectRatio="xMidYMid meet"
                viewBox="0 0 20 20"
                width={20}
                xmlns="http://www.w3.org/2000/svg"
              />
            </HeaderGlobalAction>
          </HeaderGlobalBar>
        </Header>,
      },
      "ref": null,
      "rendered": Object {
        "instance": null,
        "key": undefined,
        "nodeType": "function",
        "props": Object {
          "aria-label": "Carbon Tutorial",
          "children": Array [
            <SkipToContent
              href="#main-content"
              tabIndex="0"
            >
              Skip to main content
            </SkipToContent>,
            <HeaderName
              href="/"
              prefix="IBM"
            >
              Carbon Tutorial
            </HeaderName>,
            <HeaderNavigation
              aria-label="Carbon Tutorial"
            >
              <ForwardRef
                href="/repos"
              >
                Link 1
              </ForwardRef>
            </HeaderNavigation>,
            <HeaderGlobalBar>
              <HeaderGlobalAction>
                <ForwardRef
                  height={20}
                  preserveAspectRatio="xMidYMid meet"
                  viewBox="0 0 32 32"
                  width={20}
                  xmlns="http://www.w3.org/2000/svg"
                />
              </HeaderGlobalAction>
              <HeaderGlobalAction>
                <ForwardRef
                  height={20}
                  preserveAspectRatio="xMidYMid meet"
                  viewBox="0 0 32 32"
                  width={20}
                  xmlns="http://www.w3.org/2000/svg"
                />
              </HeaderGlobalAction>
              <HeaderGlobalAction>
                <ForwardRef
                  height={20}
                  preserveAspectRatio="xMidYMid meet"
                  viewBox="0 0 20 20"
                  width={20}
                  xmlns="http://www.w3.org/2000/svg"
                />
              </HeaderGlobalAction>
            </HeaderGlobalBar>,
          ],
        },
        "ref": null,
        "rendered": Array [
          Object {
            "instance": null,
            "key": undefined,
            "nodeType": "function",
            "props": Object {
              "children": "Skip to main content",
              "href": "#main-content",
              "tabIndex": "0",
            },
            "ref": null,
            "rendered": "Skip to main content",
            "type": [Function],
          },
          Object {
            "instance": null,
            "key": undefined,
            "nodeType": "function",
            "props": Object {
              "children": "Carbon Tutorial",
              "href": "/",
              "prefix": "IBM",
            },
            "ref": null,
            "rendered": "Carbon Tutorial",
            "type": [Function],
          },
          Object {
            "instance": null,
            "key": undefined,
            "nodeType": "class",
            "props": Object {
              "aria-label": "Carbon Tutorial",
              "children": <ForwardRef
                href="/repos"
              >
                Link 1
              </ForwardRef>,
            },
            "ref": null,
            "rendered": Object {
              "instance": null,
              "key": undefined,
              "nodeType": "function",
              "props": Object {
                "children": "Link 1",
                "href": "/repos",
              },
              "ref": null,
              "rendered": "Link 1",
              "type": Object {
                "$$typeof": Symbol(react.forward_ref),
                "propTypes": Object {
                  "children": [Function],
                  "className": [Function],
                  "element": [Function],
                  "role": [Function],
                },
                "render": [Function],
              },
            },
            "type": [Function],
          },
          Object {
            "instance": null,
            "key": undefined,
            "nodeType": "function",
            "props": Object {
              "children": Array [
                <HeaderGlobalAction>
                  <ForwardRef
                    height={20}
                    preserveAspectRatio="xMidYMid meet"
                    viewBox="0 0 32 32"
                    width={20}
                    xmlns="http://www.w3.org/2000/svg"
                  />
                </HeaderGlobalAction>,
                <HeaderGlobalAction>
                  <ForwardRef
                    height={20}
                    preserveAspectRatio="xMidYMid meet"
                    viewBox="0 0 32 32"
                    width={20}
                    xmlns="http://www.w3.org/2000/svg"
                  />
                </HeaderGlobalAction>,
                <HeaderGlobalAction>
                  <ForwardRef
                    height={20}
                    preserveAspectRatio="xMidYMid meet"
                    viewBox="0 0 20 20"
                    width={20}
                    xmlns="http://www.w3.org/2000/svg"
                  />
                </HeaderGlobalAction>,
              ],
            },
            "ref": null,
            "rendered": Array [
              Object {
                "instance": null,
                "key": undefined,
                "nodeType": "function",
                "props": Object {
                  "children": <ForwardRef
                    height={20}
                    preserveAspectRatio="xMidYMid meet"
                    viewBox="0 0 32 32"
                    width={20}
                    xmlns="http://www.w3.org/2000/svg"
                  />,
                },
                "ref": null,
                "rendered": Object {
                  "instance": null,
                  "key": undefined,
                  "nodeType": "function",
                  "props": Object {
                    "height": 20,
                    "preserveAspectRatio": "xMidYMid meet",
                    "viewBox": "0 0 32 32",
                    "width": 20,
                    "xmlns": "http://www.w3.org/2000/svg",
                  },
                  "ref": null,
                  "rendered": null,
                  "type": Object {
                    "$$typeof": Symbol(react.forward_ref),
                    "defaultProps": Object {
                      "height": 20,
                      "preserveAspectRatio": "xMidYMid meet",
                      "viewBox": "0 0 32 32",
                      "width": 20,
                      "xmlns": "http://www.w3.org/2000/svg",
                    },
                    "displayName": "Notification20",
                    "propTypes": Object {
                      "aria-hidden": [Function],
                      "aria-label": [Function],
                      "aria-labelledby": [Function],
                      "children": [Function],
                      "className": [Function],
                      "height": [Function],
                      "preserveAspectRatio": [Function],
                      "tabIndex": [Function],
                      "viewBox": [Function],
                      "width": [Function],
                      "xmlns": [Function],
                    },
                    "render": [Function],
                  },
                },
                "type": [Function],
              },
              Object {
                "instance": null,
                "key": undefined,
                "nodeType": "function",
                "props": Object {
                  "children": <ForwardRef
                    height={20}
                    preserveAspectRatio="xMidYMid meet"
                    viewBox="0 0 32 32"
                    width={20}
                    xmlns="http://www.w3.org/2000/svg"
                  />,
                },
                "ref": null,
                "rendered": Object {
                  "instance": null,
                  "key": undefined,
                  "nodeType": "function",
                  "props": Object {
                    "height": 20,
                    "preserveAspectRatio": "xMidYMid meet",
                    "viewBox": "0 0 32 32",
                    "width": 20,
                    "xmlns": "http://www.w3.org/2000/svg",
                  },
                  "ref": null,
                  "rendered": null,
                  "type": Object {
                    "$$typeof": Symbol(react.forward_ref),
                    "defaultProps": Object {
                      "height": 20,
                      "preserveAspectRatio": "xMidYMid meet",
                      "viewBox": "0 0 32 32",
                      "width": 20,
                      "xmlns": "http://www.w3.org/2000/svg",
                    },
                    "displayName": "UserAvatar20",
                    "propTypes": Object {
                      "aria-hidden": [Function],
                      "aria-label": [Function],
                      "aria-labelledby": [Function],
                      "children": [Function],
                      "className": [Function],
                      "height": [Function],
                      "preserveAspectRatio": [Function],
                      "tabIndex": [Function],
                      "viewBox": [Function],
                      "width": [Function],
                      "xmlns": [Function],
                    },
                    "render": [Function],
                  },
                },
                "type": [Function],
              },
              Object {
                "instance": null,
                "key": undefined,
                "nodeType": "function",
                "props": Object {
                  "children": <ForwardRef
                    height={20}
                    preserveAspectRatio="xMidYMid meet"
                    viewBox="0 0 20 20"
                    width={20}
                    xmlns="http://www.w3.org/2000/svg"
                  />,
                },
                "ref": null,
                "rendered": Object {
                  "instance": null,
                  "key": undefined,
                  "nodeType": "function",
                  "props": Object {
                    "height": 20,
                    "preserveAspectRatio": "xMidYMid meet",
                    "viewBox": "0 0 20 20",
                    "width": 20,
                    "xmlns": "http://www.w3.org/2000/svg",
                  },
                  "ref": null,
                  "rendered": null,
                  "type": Object {
                    "$$typeof": Symbol(react.forward_ref),
                    "defaultProps": Object {
                      "height": 20,
                      "preserveAspectRatio": "xMidYMid meet",
                      "viewBox": "0 0 20 20",
                      "width": 20,
                      "xmlns": "http://www.w3.org/2000/svg",
                    },
                    "displayName": "AppSwitcher20",
                    "propTypes": Object {
                      "aria-hidden": [Function],
                      "aria-label": [Function],
                      "aria-labelledby": [Function],
                      "children": [Function],
                      "className": [Function],
                      "height": [Function],
                      "preserveAspectRatio": [Function],
                      "tabIndex": [Function],
                      "viewBox": [Function],
                      "width": [Function],
                      "xmlns": [Function],
                    },
                    "render": [Function],
                  },
                },
                "type": [Function],
              },
            ],
            "type": [Function],
          },
        ],
        "type": [Function],
      },
      "type": Symbol(react.fragment),
    },
  ],
  Symbol(enzyme.__options__): Object {
    "adapter": ReactSixteenAdapter {
      "options": Object {
        "enableComponentDidUpdateOnSetState": true,
        "legacyContextMode": "parent",
        "lifecycles": Object {
          "componentDidUpdate": Object {
            "onSetState": true,
          },
          "getChildContext": Object {
            "calledByRenderer": false,
          },
          "getDerivedStateFromError": true,
          "getDerivedStateFromProps": Object {
            "hasShouldComponentUpdateBug": false,
          },
          "getSnapshotBeforeUpdate": true,
          "setState": Object {
            "skipsComponentDidUpdateOnNullish": true,
          },
        },
      },
    },
  },
  Symbol(enzyme.__childContext__): null,
}
`;
